// Jest Snapshot v1, https://goo.gl/fbAQLP

exports[`TableOfContents render correctly table of books 1`] = `
Object {
  "asFragment": [Function],
  "baseElement": <body>
    <div>
      <div
        class="fixed -m-16 text-xl"
      >
        <button
          class="px-4"
        >
          Edit
        </button>
        <button
          class="px-4 rounded-lg border-gray-500 border-solid border"
        >
          Show All
        </button>
        <button
          class="px-4 rounded-lg border-gray-500 border-solid false"
        >
          Show Uncompleted
        </button>
        <button
          class="px-4 rounded-lg border-gray-500 border-solid false"
        >
          Show Completed
        </button>
        <button
          class="px-4"
        >
          Undo
        </button>
        <button
          class="px-4"
        >
          Redo
        </button>
      </div>
      <table
        class="mx-12"
      >
        <thead>
          <tr>
            <td
              class="p-2 text-xl"
            >
              Тихий Дон
            </td>
          </tr>
        </thead>
        <tbody
          class="flex flex-col"
        >
          <tr
            class="flex flex-col false"
          >
            <td
              class="flex"
            >
              глава 1
            </td>
            <td>
              <table>
                <tbody>
                  <tr>
                    <td
                      class="pl-4"
                    >
                      подраздел 1
                    </td>
                  </tr>
                </tbody>
              </table>
            </td>
          </tr>
          <tr />
        </tbody>
      </table>
    </div>
  </body>,
  "container": <div>
    <div
      class="fixed -m-16 text-xl"
    >
      <button
        class="px-4"
      >
        Edit
      </button>
      <button
        class="px-4 rounded-lg border-gray-500 border-solid border"
      >
        Show All
      </button>
      <button
        class="px-4 rounded-lg border-gray-500 border-solid false"
      >
        Show Uncompleted
      </button>
      <button
        class="px-4 rounded-lg border-gray-500 border-solid false"
      >
        Show Completed
      </button>
      <button
        class="px-4"
      >
        Undo
      </button>
      <button
        class="px-4"
      >
        Redo
      </button>
    </div>
    <table
      class="mx-12"
    >
      <thead>
        <tr>
          <td
            class="p-2 text-xl"
          >
            Тихий Дон
          </td>
        </tr>
      </thead>
      <tbody
        class="flex flex-col"
      >
        <tr
          class="flex flex-col false"
        >
          <td
            class="flex"
          >
            глава 1
          </td>
          <td>
            <table>
              <tbody>
                <tr>
                  <td
                    class="pl-4"
                  >
                    подраздел 1
                  </td>
                </tr>
              </tbody>
            </table>
          </td>
        </tr>
        <tr />
      </tbody>
    </table>
  </div>,
  "debug": [Function],
  "findAllByAltText": [Function],
  "findAllByDisplayValue": [Function],
  "findAllByLabelText": [Function],
  "findAllByPlaceholderText": [Function],
  "findAllByRole": [Function],
  "findAllByTestId": [Function],
  "findAllByText": [Function],
  "findAllByTitle": [Function],
  "findByAltText": [Function],
  "findByDisplayValue": [Function],
  "findByLabelText": [Function],
  "findByPlaceholderText": [Function],
  "findByRole": [Function],
  "findByTestId": [Function],
  "findByText": [Function],
  "findByTitle": [Function],
  "getAllByAltText": [Function],
  "getAllByDisplayValue": [Function],
  "getAllByLabelText": [Function],
  "getAllByPlaceholderText": [Function],
  "getAllByRole": [Function],
  "getAllByTestId": [Function],
  "getAllByText": [Function],
  "getAllByTitle": [Function],
  "getByAltText": [Function],
  "getByDisplayValue": [Function],
  "getByLabelText": [Function],
  "getByPlaceholderText": [Function],
  "getByRole": [Function],
  "getByTestId": [Function],
  "getByText": [Function],
  "getByTitle": [Function],
  "queryAllByAltText": [Function],
  "queryAllByDisplayValue": [Function],
  "queryAllByLabelText": [Function],
  "queryAllByPlaceholderText": [Function],
  "queryAllByRole": [Function],
  "queryAllByTestId": [Function],
  "queryAllByText": [Function],
  "queryAllByTitle": [Function],
  "queryByAltText": [Function],
  "queryByDisplayValue": [Function],
  "queryByLabelText": [Function],
  "queryByPlaceholderText": [Function],
  "queryByRole": [Function],
  "queryByTestId": [Function],
  "queryByText": [Function],
  "queryByTitle": [Function],
  "rerender": [Function],
  "unmount": [Function],
}
`;
